C51 COMPILER V9.60.0.0   MAIN                                                              04/02/2021 23:36:32 PAGE 1   


C51 COMPILER V9.60.0.0, COMPILATION OF MODULE MAIN
OBJECT MODULE PLACED IN .\Objects\main.obj
COMPILER INVOKED BY: C:\Keil_v5\C51\BIN\C51.EXE main.c OPTIMIZE(8,SPEED) BROWSE DEBUG OBJECTEXTEND PRINT(.\Listings\main
                    -.lst) TABS(2) OBJECT(.\Objects\main.obj)

line level    source

   1          
   2          #include "functions.h"
   3          sbit LED = P1 ^ 7;
   4          int number[4] = {20, 30, 10, 0};
   5          
   6          //Main function
   7          void main(void)
   8          {
   9   1      
  10   1        char str1[10] = "";
  11   1        unsigned char ch = 0;
  12   1        //Initialize port P1 for output from P1.7-P1.4
  13   1        P1 = 0x0F;
  14   1      
  15   1        //Call initialization functions
  16   1        lcd_init();
  17   1        uart_init();
  18   1      
  19   1        //These strings will be printed in terminal software
  20   1        transmit_string("************************\r\n");
  21   1        while (1)
  22   1        {
  23   2          ch = receive_char();
  24   2      
  25   2          switch (ch)
  26   2          {
  27   3          case '\r':
  28   3      
  29   3            if (strlen(str1) == 0)
  30   3            {
  31   4              invalidInput();
  32   4            }
  33   3            else
  34   3            {
  35   4      
  36   4              if (numberNotes(str1, number))
  37   4                lcd_write_string("Collect Cash");
  38   4              else
  39   4                lcd_write_string("Try Again");
  40   4            }
  41   3            break;
  42   3          case '0':
  43   3            if (strlen(str1) == 0)
  44   3            {
  45   4              invalidInput();
  46   4            }
  47   3            else
  48   3            {
  49   4              lcd_write_char(ch);
  50   4              strncat(str1, &ch, 1);
  51   4              transmit_char(ch);
  52   4            }
  53   3            break;
  54   3      
C51 COMPILER V9.60.0.0   MAIN                                                              04/02/2021 23:36:32 PAGE 2   

  55   3          case '1':
  56   3          case '2':
  57   3          case '3':
  58   3          case '4':
  59   3          case '5':
  60   3          case '6':
  61   3          case '7':
  62   3          case '8':
  63   3          case '9':
  64   3            lcd_write_char(ch);
  65   3            strncat(str1, &ch, 1);
  66   3            transmit_char(ch);
  67   3            break;
  68   3          case 'd':
  69   3            lcd_cmd(0x01);
  70   3            lcd_cmd(0x80);
  71   3            if (strlen(str1) == 0)
  72   3            {
  73   4              lcd_cmd(0x01);
  74   4              lcd_cmd(0x80);
  75   4              lcd_write_char(ch);
  76   4            }
  77   3            else
  78   3            {
  79   4              invalidInput();
  80   4            }
  81   3            break;
  82   3          default:
  83   3            transmit_char(ch);
  84   3            break;
  85   3          }
  86   2          msdelay(100);
  87   2        }
  88   1      }


MODULE INFORMATION:   STATIC OVERLAYABLE
   CODE SIZE        =    861    ----
   CONSTANT SIZE    =     90    ----
   XDATA SIZE       =   ----    ----
   PDATA SIZE       =   ----    ----
   DATA SIZE        =     16      40
   IDATA SIZE       =   ----    ----
   BIT SIZE         =      2    ----
END OF MODULE INFORMATION.


C51 COMPILATION COMPLETE.  0 WARNING(S),  0 ERROR(S)
